Archive member included because of file (symbol)

c:/program files (x86)/gnu tools arm embedded/4.9 2015q3/bin/../lib/gcc/arm-none-eabi/4.9.3/armv7-m\libgcc.a(_arm_addsubdf3.o)
                              ..\obj\main.o (__aeabi_ui2d)
c:/program files (x86)/gnu tools arm embedded/4.9 2015q3/bin/../lib/gcc/arm-none-eabi/4.9.3/armv7-m\libgcc.a(_arm_muldivdf3.o)
                              ..\obj\main.o (__aeabi_dmul)
c:/program files (x86)/gnu tools arm embedded/4.9 2015q3/bin/../lib/gcc/arm-none-eabi/4.9.3/armv7-m\libgcc.a(_arm_fixunsdfsi.o)
                              ..\obj\main.o (__aeabi_d2uiz)

Discarded input sections

 .text          0x00000000        0x0 ..\obj\semihosting.o
 .data          0x00000000        0x0 ..\obj\semihosting.o
 .text.SH_SendString
                0x00000000       0x24 ..\obj\semihosting.o
 .text.SH_GetChar
                0x00000000       0x40 ..\obj\semihosting.o
 .text          0x00000000        0x0 ..\obj\lpc17xx_clkpwr.o
 .data          0x00000000        0x0 ..\obj\lpc17xx_clkpwr.o
 .bss           0x00000000        0x0 ..\obj\lpc17xx_clkpwr.o
 .text.CLKPWR_SetPCLKDiv
                0x00000000       0x8c ..\obj\lpc17xx_clkpwr.o
 .text.CLKPWR_GetPCLKSEL
                0x00000000       0x4c ..\obj\lpc17xx_clkpwr.o
 .text.CLKPWR_GetPCLK
                0x00000000       0x64 ..\obj\lpc17xx_clkpwr.o
 .text.CLKPWR_ConfigPPWR
                0x00000000       0x58 ..\obj\lpc17xx_clkpwr.o
 .text.CLKPWR_Sleep
                0x00000000       0x1c ..\obj\lpc17xx_clkpwr.o
 .text.CLKPWR_DeepSleep
                0x00000000       0x24 ..\obj\lpc17xx_clkpwr.o
 .text.CLKPWR_PowerDown
                0x00000000       0x24 ..\obj\lpc17xx_clkpwr.o
 .text.CLKPWR_DeepPowerDown
                0x00000000       0x24 ..\obj\lpc17xx_clkpwr.o
 .debug_info    0x00000000      0x654 ..\obj\lpc17xx_clkpwr.o
 .debug_abbrev  0x00000000      0x1c5 ..\obj\lpc17xx_clkpwr.o
 .debug_aranges
                0x00000000       0x58 ..\obj\lpc17xx_clkpwr.o
 .debug_ranges  0x00000000       0x48 ..\obj\lpc17xx_clkpwr.o
 .debug_line    0x00000000      0x2fa ..\obj\lpc17xx_clkpwr.o
 .debug_str     0x00000000      0x425 ..\obj\lpc17xx_clkpwr.o
 .comment       0x00000000       0x71 ..\obj\lpc17xx_clkpwr.o
 .debug_frame   0x00000000      0x12c ..\obj\lpc17xx_clkpwr.o
 .ARM.attributes
                0x00000000       0x33 ..\obj\lpc17xx_clkpwr.o
 .text          0x00000000        0x0 ..\obj\system_LPC17xx.o
 .data          0x00000000        0x4 ..\obj\system_LPC17xx.o
 .bss           0x00000000        0x0 ..\obj\system_LPC17xx.o
 .text.SystemCoreClockUpdate
                0x00000000      0x164 ..\obj\system_LPC17xx.o
 .text          0x00000000        0x0 ..\obj\lpc17xx_adc.o
 .data          0x00000000        0x0 ..\obj\lpc17xx_adc.o
 .bss           0x00000000        0x0 ..\obj\lpc17xx_adc.o
 .rodata        0x00000000       0x46 ..\obj\lpc17xx_adc.o
 .text.ADC_Init
                0x00000000       0x84 ..\obj\lpc17xx_adc.o
 .text.ADC_DeInit
                0x00000000       0x3c ..\obj\lpc17xx_adc.o
 .text.ADC_GetData
                0x00000000       0x2c ..\obj\lpc17xx_adc.o
 .text.ADC_StartCmd
                0x00000000       0x7c ..\obj\lpc17xx_adc.o
 .text.ADC_BurstCmd
                0x00000000       0x48 ..\obj\lpc17xx_adc.o
 .text.ADC_PowerdownCmd
                0x00000000       0x48 ..\obj\lpc17xx_adc.o
 .text.ADC_EdgeStartConfig
                0x00000000       0x5c ..\obj\lpc17xx_adc.o
 .text.ADC_IntConfig
                0x00000000       0x98 ..\obj\lpc17xx_adc.o
 .text.ADC_ChannelCmd
                0x00000000       0x5c ..\obj\lpc17xx_adc.o
 .text.ADC_ChannelGetData
                0x00000000       0x48 ..\obj\lpc17xx_adc.o
 .text.ADC_ChannelGetStatus
                0x00000000       0x7c ..\obj\lpc17xx_adc.o
 .text.ADC_GlobalGetData
                0x00000000       0x30 ..\obj\lpc17xx_adc.o
 .text.ADC_GlobalGetStatus
                0x00000000       0x6c ..\obj\lpc17xx_adc.o
 .debug_info    0x00000000      0x5de ..\obj\lpc17xx_adc.o
 .debug_abbrev  0x00000000      0x15e ..\obj\lpc17xx_adc.o
 .debug_aranges
                0x00000000       0x80 ..\obj\lpc17xx_adc.o
 .debug_ranges  0x00000000       0x70 ..\obj\lpc17xx_adc.o
 .debug_line    0x00000000      0x3f8 ..\obj\lpc17xx_adc.o
 .debug_str     0x00000000      0x53d ..\obj\lpc17xx_adc.o
 .comment       0x00000000       0x71 ..\obj\lpc17xx_adc.o
 .debug_frame   0x00000000      0x1e8 ..\obj\lpc17xx_adc.o
 .ARM.attributes
                0x00000000       0x33 ..\obj\lpc17xx_adc.o
 .text          0x00000000        0x0 ..\obj\main.o
 .data          0x00000000        0x0 ..\obj\main.o
 .bss           0x00000000        0x0 ..\obj\main.o
 .text          0x00000000        0x0 ..\obj\printf.o
 .bss           0x00000000        0x0 ..\obj\printf.o
 .text.snprintf
                0x00000000       0x30 ..\obj\printf.o
 .text.fprintf  0x00000000       0x2c ..\obj\printf.o
 .text.sprintf  0x00000000       0x2c ..\obj\printf.o
 .text.puts     0x00000000       0x24 ..\obj\printf.o
 .text          0x00000000        0x0 ..\obj\lpc17xx_gpio.o
 .data          0x00000000        0x0 ..\obj\lpc17xx_gpio.o
 .bss           0x00000000        0x0 ..\obj\lpc17xx_gpio.o
 .text.FIO_HalfWordGetPointer
                0x00000000       0x74 ..\obj\lpc17xx_gpio.o
 .text.FIO_ByteGetPointer
                0x00000000       0x74 ..\obj\lpc17xx_gpio.o
 .text.GPIO_ClearValue
                0x00000000       0x28 ..\obj\lpc17xx_gpio.o
 .text.GPIO_ReadValue
                0x00000000       0x2c ..\obj\lpc17xx_gpio.o
 .text.GPIO_IntCmd
                0x00000000       0x70 ..\obj\lpc17xx_gpio.o
 .text.GPIO_GetIntStatus
                0x00000000       0xa4 ..\obj\lpc17xx_gpio.o
 .text.GPIO_ClearInt
                0x00000000       0x38 ..\obj\lpc17xx_gpio.o
 .text.FIO_SetDir
                0x00000000       0x24 ..\obj\lpc17xx_gpio.o
 .text.FIO_SetValue
                0x00000000       0x1c ..\obj\lpc17xx_gpio.o
 .text.FIO_ClearValue
                0x00000000       0x1c ..\obj\lpc17xx_gpio.o
 .text.FIO_ReadValue
                0x00000000       0x1c ..\obj\lpc17xx_gpio.o
 .text.FIO_IntCmd
                0x00000000       0x24 ..\obj\lpc17xx_gpio.o
 .text.FIO_GetIntStatus
                0x00000000       0x28 ..\obj\lpc17xx_gpio.o
 .text.FIO_ClearInt
                0x00000000       0x1c ..\obj\lpc17xx_gpio.o
 .text.FIO_SetMask
                0x00000000       0x48 ..\obj\lpc17xx_gpio.o
 .text.FIO_HalfWordSetDir
                0x00000000       0x9c ..\obj\lpc17xx_gpio.o
 .text.FIO_HalfWordSetMask
                0x00000000       0x9c ..\obj\lpc17xx_gpio.o
 .text.FIO_HalfWordSetValue
                0x00000000       0x3c ..\obj\lpc17xx_gpio.o
 .text.FIO_HalfWordClearValue
                0x00000000       0x3c ..\obj\lpc17xx_gpio.o
 .text.FIO_HalfWordReadValue
                0x00000000       0x40 ..\obj\lpc17xx_gpio.o
 .text.FIO_ByteSetDir
                0x00000000       0x78 ..\obj\lpc17xx_gpio.o
 .text.FIO_ByteSetMask
                0x00000000       0x84 ..\obj\lpc17xx_gpio.o
 .text.FIO_ByteSetValue
                0x00000000       0x38 ..\obj\lpc17xx_gpio.o
 .text.FIO_ByteClearValue
                0x00000000       0x38 ..\obj\lpc17xx_gpio.o
 .text.FIO_ByteReadValue
                0x00000000       0x3c ..\obj\lpc17xx_gpio.o
 .text          0x00000000        0x0 ..\obj\startup_LPC17xx.o
 .data          0x00000000        0x0 ..\obj\startup_LPC17xx.o
 .bss           0x00000000        0x0 ..\obj\startup_LPC17xx.o
 .text          0x00000000        0x0 ..\obj\lpc17xx_libcfg_default.o
 .data          0x00000000        0x0 ..\obj\lpc17xx_libcfg_default.o
 .bss           0x00000000        0x0 ..\obj\lpc17xx_libcfg_default.o
 .text.check_failed
                0x00000000        0xc ..\obj\lpc17xx_libcfg_default.o
 .debug_info    0x00000000       0xd3 ..\obj\lpc17xx_libcfg_default.o
 .debug_abbrev  0x00000000       0x67 ..\obj\lpc17xx_libcfg_default.o
 .debug_aranges
                0x00000000       0x20 ..\obj\lpc17xx_libcfg_default.o
 .debug_ranges  0x00000000       0x10 ..\obj\lpc17xx_libcfg_default.o
 .debug_line    0x00000000      0x150 ..\obj\lpc17xx_libcfg_default.o
 .debug_str     0x00000000      0x193 ..\obj\lpc17xx_libcfg_default.o
 .comment       0x00000000       0x71 ..\obj\lpc17xx_libcfg_default.o
 .debug_frame   0x00000000       0x2c ..\obj\lpc17xx_libcfg_default.o
 .ARM.attributes
                0x00000000       0x33 ..\obj\lpc17xx_libcfg_default.o
 .text          0x00000000        0x0 ..\obj\lpc17xx_pinsel.o
 .data          0x00000000        0x0 ..\obj\lpc17xx_pinsel.o
 .bss           0x00000000        0x0 ..\obj\lpc17xx_pinsel.o
 .text.set_PinFunc
                0x00000000       0x80 ..\obj\lpc17xx_pinsel.o
 .text.set_ResistorMode
                0x00000000       0x80 ..\obj\lpc17xx_pinsel.o
 .text.set_OpenDrainMode
                0x00000000       0x6c ..\obj\lpc17xx_pinsel.o
 .text.PINSEL_ConfigTraceFunc
                0x00000000       0x40 ..\obj\lpc17xx_pinsel.o
 .text.PINSEL_SetI2C0Pins
                0x00000000       0x38 ..\obj\lpc17xx_pinsel.o
 .text.PINSEL_ConfigPin
                0x00000000       0x50 ..\obj\lpc17xx_pinsel.o
 .debug_info    0x00000000      0x46e ..\obj\lpc17xx_pinsel.o
 .debug_abbrev  0x00000000      0x13c ..\obj\lpc17xx_pinsel.o
 .debug_aranges
                0x00000000       0x48 ..\obj\lpc17xx_pinsel.o
 .debug_ranges  0x00000000       0x38 ..\obj\lpc17xx_pinsel.o
 .debug_line    0x00000000      0x28e ..\obj\lpc17xx_pinsel.o
 .debug_str     0x00000000      0x3f8 ..\obj\lpc17xx_pinsel.o
 .comment       0x00000000       0x71 ..\obj\lpc17xx_pinsel.o
 .debug_frame   0x00000000       0xfc ..\obj\lpc17xx_pinsel.o
 .ARM.attributes
                0x00000000       0x33 ..\obj\lpc17xx_pinsel.o
 .data          0x00000000        0x0 ..\obj\sh_cmd.o
 .bss           0x00000000        0x0 ..\obj\sh_cmd.o
 .text          0x00000000        0x0 ..\obj\syscalls.o
 .data          0x00000000        0x0 ..\obj\syscalls.o
 .bss           0x00000000        0x4 ..\obj\syscalls.o
 .text._sbrk    0x00000000       0x40 ..\obj\syscalls.o
 .text.link     0x00000000       0x1c ..\obj\syscalls.o
 .text._close   0x00000000       0x18 ..\obj\syscalls.o
 .text._fstat   0x00000000       0x20 ..\obj\syscalls.o
 .text._isatty  0x00000000       0x18 ..\obj\syscalls.o
 .text._lseek   0x00000000       0x1c ..\obj\syscalls.o
 .text._read    0x00000000       0x1c ..\obj\syscalls.o
 .text._write   0x00000000       0x1c ..\obj\syscalls.o
 .text.abort    0x00000000        0x8 ..\obj\syscalls.o
 .debug_info    0x00000000      0x3ee ..\obj\syscalls.o
 .debug_abbrev  0x00000000       0xe2 ..\obj\syscalls.o
 .debug_aranges
                0x00000000       0x60 ..\obj\syscalls.o
 .debug_ranges  0x00000000       0x50 ..\obj\syscalls.o
 .debug_line    0x00000000      0x175 ..\obj\syscalls.o
 .debug_str     0x00000000      0x2cf ..\obj\syscalls.o
 .comment       0x00000000       0x71 ..\obj\syscalls.o
 .debug_frame   0x00000000      0x168 ..\obj\syscalls.o
 .ARM.attributes
                0x00000000       0x33 ..\obj\syscalls.o
 .data          0x00000000        0x0 c:/program files (x86)/gnu tools arm embedded/4.9 2015q3/bin/../lib/gcc/arm-none-eabi/4.9.3/armv7-m\libgcc.a(_arm_addsubdf3.o)
 .bss           0x00000000        0x0 c:/program files (x86)/gnu tools arm embedded/4.9 2015q3/bin/../lib/gcc/arm-none-eabi/4.9.3/armv7-m\libgcc.a(_arm_addsubdf3.o)
 .data          0x00000000        0x0 c:/program files (x86)/gnu tools arm embedded/4.9 2015q3/bin/../lib/gcc/arm-none-eabi/4.9.3/armv7-m\libgcc.a(_arm_muldivdf3.o)
 .bss           0x00000000        0x0 c:/program files (x86)/gnu tools arm embedded/4.9 2015q3/bin/../lib/gcc/arm-none-eabi/4.9.3/armv7-m\libgcc.a(_arm_muldivdf3.o)
 .data          0x00000000        0x0 c:/program files (x86)/gnu tools arm embedded/4.9 2015q3/bin/../lib/gcc/arm-none-eabi/4.9.3/armv7-m\libgcc.a(_arm_fixunsdfsi.o)
 .bss           0x00000000        0x0 c:/program files (x86)/gnu tools arm embedded/4.9 2015q3/bin/../lib/gcc/arm-none-eabi/4.9.3/armv7-m\libgcc.a(_arm_fixunsdfsi.o)

Memory Configuration

Name             Origin             Length             Attributes
rom              0x00000000         0x00080000         xr
ram              0x10000000         0x00008000         xrw
ram1             0x2007c000         0x00008000         xrw
*default*        0x00000000         0xffffffff

Linker script and memory map

                0x10008000                _eram = 0x10008000

.text           0x00000000     0x1404
 *(.isr_vector)
 .isr_vector    0x00000000       0xcc ..\obj\startup_LPC17xx.o
                0x00000000                g_pfnVectors
 *(.text*)
 .text.SH_SendChar
                0x000000cc       0x68 ..\obj\semihosting.o
                0x000000cc                SH_SendChar
 .text.SystemInit
                0x00000134      0x150 ..\obj\system_LPC17xx.o
                0x00000134                SystemInit
 *fill*         0x00000284        0x4 
 .text.main     0x00000288      0x14c ..\obj\main.o
                0x00000288                main
 .text.PrintChar
                0x000003d4       0x18 ..\obj\printf.o
                0x000003d4                PrintChar
 .text.PutChar  0x000003ec       0x20 ..\obj\printf.o
                0x000003ec                PutChar
 .text.PutString
                0x0000040c       0x3c ..\obj\printf.o
                0x0000040c                PutString
 .text.PutUnsignedInt
                0x00000448       0xa0 ..\obj\printf.o
                0x00000448                PutUnsignedInt
 .text.PutSignedInt
                0x000004e8      0x104 ..\obj\printf.o
                0x000004e8                PutSignedInt
 .text.PutHexa  0x000005ec       0xd8 ..\obj\printf.o
                0x000005ec                PutHexa
 .text.vsnprintf
                0x000006c4      0x25c ..\obj\printf.o
                0x000006c4                vsnprintf
 .text.vsprintf
                0x00000920       0x24 ..\obj\printf.o
                0x00000920                vsprintf
 .text.vfprintf
                0x00000944       0x68 ..\obj\printf.o
                0x00000944                vfprintf
 .text.vprintf  0x000009ac       0x28 ..\obj\printf.o
                0x000009ac                vprintf
 .text.printf   0x000009d4       0x28 ..\obj\printf.o
                0x000009d4                printf
 .text.fputc    0x000009fc       0x40 ..\obj\printf.o
                0x000009fc                fputc
 .text.fputs    0x00000a3c       0x48 ..\obj\printf.o
                0x00000a3c                fputs
 .text.GPIO_GetPointer
                0x00000a84       0x74 ..\obj\lpc17xx_gpio.o
 .text.GPIO_SetDir
                0x00000af8       0x48 ..\obj\lpc17xx_gpio.o
                0x00000af8                GPIO_SetDir
 .text.GPIO_SetValue
                0x00000b40       0x28 ..\obj\lpc17xx_gpio.o
                0x00000b40                GPIO_SetValue
 .text.Default_Reset_Handler
                0x00000b68       0x5c ..\obj\startup_LPC17xx.o
                0x00000b68                Default_Reset_Handler
                0x00000b68                Reset_Handler
 .text.Default_Handler
                0x00000bc4        0x8 ..\obj\startup_LPC17xx.o
                0x00000bc4                TIMER2_IRQHandler
                0x00000bc4                DebugMon_Handler
                0x00000bc4                RIT_IRQHandler
                0x00000bc4                I2C0_IRQHandler
                0x00000bc4                SysTick_Handler
                0x00000bc4                USBActivity_IRQHandler
                0x00000bc4                PWM1_IRQHandler
                0x00000bc4                PendSV_Handler
                0x00000bc4                NMI_Handler
                0x00000bc4                I2C1_IRQHandler
                0x00000bc4                EINT2_IRQHandler
                0x00000bc4                UART1_IRQHandler
                0x00000bc4                EINT3_IRQHandler
                0x00000bc4                CANActivity_IRQHandler
                0x00000bc4                TIMER3_IRQHandler
                0x00000bc4                UART0_IRQHandler
                0x00000bc4                UsageFault_Handler
                0x00000bc4                PLL0_IRQHandler
                0x00000bc4                CAN_IRQHandler
                0x00000bc4                PLL1_IRQHandler
                0x00000bc4                SSP0_IRQHandler
                0x00000bc4                I2S_IRQHandler
                0x00000bc4                I2C2_IRQHandler
                0x00000bc4                RTC_IRQHandler
                0x00000bc4                TIMER0_IRQHandler
                0x00000bc4                SPI_IRQHandler
                0x00000bc4                EINT1_IRQHandler
                0x00000bc4                TIMER1_IRQHandler
                0x00000bc4                UART2_IRQHandler
                0x00000bc4                ADC_IRQHandler
                0x00000bc4                SSP1_IRQHandler
                0x00000bc4                USB_IRQHandler
                0x00000bc4                BOD_IRQHandler
                0x00000bc4                MemManage_Handler
                0x00000bc4                WDT_IRQHandler
                0x00000bc4                SVC_Handler
                0x00000bc4                QEI_IRQHandler
                0x00000bc4                EINT0_IRQHandler
                0x00000bc4                DMA_IRQHandler
                0x00000bc4                BusFault_Handler
                0x00000bc4                UART3_IRQHandler
                0x00000bc4                MCPWM_IRQHandler
                0x00000bc4                ENET_IRQHandler
 .text          0x00000bcc       0x28 ..\obj\sh_cmd.o
                0x00000bcc                SH_DoCommand
                0x00000bde                HardFault_Handler
 .text          0x00000bf4      0x370 c:/program files (x86)/gnu tools arm embedded/4.9 2015q3/bin/../lib/gcc/arm-none-eabi/4.9.3/armv7-m\libgcc.a(_arm_addsubdf3.o)
                0x00000bf4                __aeabi_drsub
                0x00000bfc                __aeabi_dsub
                0x00000bfc                __subdf3
                0x00000c00                __aeabi_dadd
                0x00000c00                __adddf3
                0x00000e78                __floatunsidf
                0x00000e78                __aeabi_ui2d
                0x00000e98                __floatsidf
                0x00000e98                __aeabi_i2d
                0x00000ebc                __aeabi_f2d
                0x00000ebc                __extendsfdf2
                0x00000ef8                __floatundidf
                0x00000ef8                __aeabi_ul2d
                0x00000f08                __floatdidf
                0x00000f08                __aeabi_l2d
 .text          0x00000f64      0x424 c:/program files (x86)/gnu tools arm embedded/4.9 2015q3/bin/../lib/gcc/arm-none-eabi/4.9.3/armv7-m\libgcc.a(_arm_muldivdf3.o)
                0x00000f64                __aeabi_dmul
                0x00000f64                __muldf3
                0x000011b8                __divdf3
                0x000011b8                __aeabi_ddiv
 .text          0x00001388       0x40 c:/program files (x86)/gnu tools arm embedded/4.9 2015q3/bin/../lib/gcc/arm-none-eabi/4.9.3/armv7-m\libgcc.a(_arm_fixunsdfsi.o)
                0x00001388                __aeabi_d2uiz
                0x00001388                __fixunsdfsi
 *(.init)
 *(.fini)
 *crtbegin.o(.ctors)
 *crtbegin?.o(.ctors)
 *(EXCLUDE_FILE(*crtend.o *crtend?.o) .ctors)
 *(SORT(.ctors.*))
 *(.ctors)
 *crtbegin.o(.dtors)
 *crtbegin?.o(.dtors)
 *(EXCLUDE_FILE(*crtend.o *crtend?.o) .dtors)
 *(SORT(.dtors.*))
 *(.dtors)
 *(.rodata*)
 .rodata        0x000013c8       0x16 ..\obj\main.o
 *fill*         0x000013de        0x2 
 .rodata        0x000013e0       0x24 ..\obj\printf.o
 *(.eh_fram e*)

.glue_7         0x00001404        0x0
 .glue_7        0x00000000        0x0 linker stubs

.glue_7t        0x00001404        0x0
 .glue_7t       0x00000000        0x0 linker stubs

.vfp11_veneer   0x00001404        0x0
 .vfp11_veneer  0x00000000        0x0 linker stubs

.v4_bx          0x00001404        0x0
 .v4_bx         0x00000000        0x0 linker stubs

.iplt           0x00001404        0x0
 .iplt          0x00000000        0x0 ..\obj\semihosting.o

.rel.dyn        0x00001404        0x0
 .rel.iplt      0x00000000        0x0 ..\obj\semihosting.o

.ARM.extab
 *(.ARM.extab* .gnu.linkonce.armextab.*)
                0x00001404                __exidx_start = .

.ARM.exidx
 *(.ARM.exidx* .gnu.linkonce.armexidx.*)
                0x00001404                __exidx_end = .
                0x00001404                __etext = .
                0x00001404                _sidata = __etext

.data           0x10000000      0x42c load address 0x00001404
                0x10000000                __data_start__ = .
                0x10000000                _sdata = __data_start__
 *(vtable)
 *(.data*)
 .data          0x10000000      0x42c ..\obj\printf.o
                0x10000000                r
                0x10000428                _impure_ptr
                0x1000042c                . = ALIGN (0x4)
                0x1000042c                PROVIDE (__preinit_array_start, .)
 *(.preinit_array)
                0x1000042c                PROVIDE (__preinit_array_end, .)
                0x1000042c                . = ALIGN (0x4)
                0x1000042c                PROVIDE (__init_array_start, .)
 *(SORT(.init_array.*))
 *(.init_array)
                0x1000042c                PROVIDE (__init_array_end, .)
                0x1000042c                . = ALIGN (0x4)
                0x1000042c                PROVIDE (__fini_array_start, .)
 *(SORT(.fini_array.*))
 *(.fini_array)
                0x1000042c                PROVIDE (__fini_array_end, .)
 *(.jcr*)
                0x1000042c                . = ALIGN (0x4)
                0x1000042c                __data_end__ = .
                0x1000042c                _edata = __data_end__

.igot.plt       0x1000042c        0x0 load address 0x00001830
 .igot.plt      0x00000000        0x0 ..\obj\semihosting.o

.bss            0x1000042c       0x14 load address 0x00001830
                0x1000042c                . = ALIGN (0x4)
                0x1000042c                __bss_start__ = .
                0x1000042c                _sbss = __bss_start__
 *(.bss*)
 .bss           0x1000042c       0x11 ..\obj\semihosting.o
 *(COMMON)
                0x10000440                . = ALIGN (0x4)
 *fill*         0x1000043d        0x3 
                0x10000440                __bss_end__ = .
                0x10000440                _ebss = __bss_end__

.heap           0x10000440        0x0
                0x10000440                __end__ = .
                0x10000440                _end = __end__
                0x10000440                end = __end__
 *(.heap*)
                0x10000440                __HeapLimit = .

.co_stack       0x10000440      0x400 load address 0x00001844
                0x10000440                . = ALIGN (0x8)
 *(.co_stack .co_stack.*)
 .co_stack      0x10000440      0x400 ..\obj\startup_LPC17xx.o
                0x10000440                pulStack
                0x10008000                __StackTop = (ORIGIN (ram) + 0x8000)
                0x10007c00                __StackLimit = (__StackTop - SIZEOF (.co_stack))
                0x10008000                PROVIDE (__stack, __StackTop)
                0x00000001                ASSERT ((__StackLimit >= __HeapLimit), region ram  overflowed with stack)
LOAD ..\obj\semihosting.o
LOAD ..\obj\lpc17xx_clkpwr.o
LOAD ..\obj\system_LPC17xx.o
LOAD ..\obj\lpc17xx_adc.o
LOAD ..\obj\main.o
LOAD ..\obj\printf.o
LOAD ..\obj\lpc17xx_gpio.o
LOAD ..\obj\startup_LPC17xx.o
LOAD ..\obj\lpc17xx_libcfg_default.o
LOAD ..\obj\lpc17xx_pinsel.o
LOAD ..\obj\sh_cmd.o
LOAD ..\obj\syscalls.o
START GROUP
LOAD c:/program files (x86)/gnu tools arm embedded/4.9 2015q3/bin/../lib/gcc/arm-none-eabi/4.9.3/armv7-m\libgcc.a
LOAD c:/program files (x86)/gnu tools arm embedded/4.9 2015q3/bin/../lib/gcc/arm-none-eabi/4.9.3/../../../../arm-none-eabi/lib/armv7-m\libg.a
LOAD c:/program files (x86)/gnu tools arm embedded/4.9 2015q3/bin/../lib/gcc/arm-none-eabi/4.9.3/../../../../arm-none-eabi/lib/armv7-m\libc.a
END GROUP
OUTPUT(adc_config.elf elf32-littlearm)

.debug_info     0x00000000     0x28f1
 .debug_info    0x00000000      0x12b ..\obj\semihosting.o
 .debug_info    0x0000012b      0x4b6 ..\obj\system_LPC17xx.o
 .debug_info    0x000005e1      0x5f1 ..\obj\main.o
 .debug_info    0x00000bd2      0xe45 ..\obj\printf.o
 .debug_info    0x00001a17      0xd55 ..\obj\lpc17xx_gpio.o
 .debug_info    0x0000276c       0xe9 ..\obj\startup_LPC17xx.o
 .debug_info    0x00002855       0x9c ..\obj\sh_cmd.o

.debug_abbrev   0x00000000      0x841
 .debug_abbrev  0x00000000       0xab ..\obj\semihosting.o
 .debug_abbrev  0x000000ab      0x101 ..\obj\system_LPC17xx.o
 .debug_abbrev  0x000001ac      0x141 ..\obj\main.o
 .debug_abbrev  0x000002ed      0x28f ..\obj\printf.o
 .debug_abbrev  0x0000057c      0x20a ..\obj\lpc17xx_gpio.o
 .debug_abbrev  0x00000786       0xa7 ..\obj\startup_LPC17xx.o
 .debug_abbrev  0x0000082d       0x14 ..\obj\sh_cmd.o

.debug_aranges  0x00000000      0x258
 .debug_aranges
                0x00000000       0x30 ..\obj\semihosting.o
 .debug_aranges
                0x00000030       0x28 ..\obj\system_LPC17xx.o
 .debug_aranges
                0x00000058       0x20 ..\obj\main.o
 .debug_aranges
                0x00000078       0xa0 ..\obj\printf.o
 .debug_aranges
                0x00000118       0xf8 ..\obj\lpc17xx_gpio.o
 .debug_aranges
                0x00000210       0x28 ..\obj\startup_LPC17xx.o
 .debug_aranges
                0x00000238       0x20 ..\obj\sh_cmd.o

.debug_ranges   0x00000000      0x1d8
 .debug_ranges  0x00000000       0x20 ..\obj\semihosting.o
 .debug_ranges  0x00000020       0x18 ..\obj\system_LPC17xx.o
 .debug_ranges  0x00000038       0x10 ..\obj\main.o
 .debug_ranges  0x00000048       0x90 ..\obj\printf.o
 .debug_ranges  0x000000d8       0xe8 ..\obj\lpc17xx_gpio.o
 .debug_ranges  0x000001c0       0x18 ..\obj\startup_LPC17xx.o

.debug_line     0x00000000      0xdbe
 .debug_line    0x00000000       0xad ..\obj\semihosting.o
 .debug_line    0x000000ad      0x1fb ..\obj\system_LPC17xx.o
 .debug_line    0x000002a8      0x1c9 ..\obj\main.o
 .debug_line    0x00000471      0x376 ..\obj\printf.o
 .debug_line    0x000007e7      0x4bb ..\obj\lpc17xx_gpio.o
 .debug_line    0x00000ca2       0x9d ..\obj\startup_LPC17xx.o
 .debug_line    0x00000d3f       0x7f ..\obj\sh_cmd.o

.debug_str      0x00000000      0xf83
 .debug_str     0x00000000      0x14e ..\obj\semihosting.o
                                0x187 (size before relaxing)
 .debug_str     0x0000014e      0x23c ..\obj\system_LPC17xx.o
                                0x35e (size before relaxing)
 .debug_str     0x0000038a      0x20a ..\obj\main.o
                                0x4b4 (size before relaxing)
 .debug_str     0x00000594      0x4c5 ..\obj\printf.o
                                0x66a (size before relaxing)
 .debug_str     0x00000a59      0x47f ..\obj\lpc17xx_gpio.o
                                0x5ef (size before relaxing)
 .debug_str     0x00000ed8       0xab ..\obj\startup_LPC17xx.o
                                0x142 (size before relaxing)

.comment        0x00000000       0x70
 .comment       0x00000000       0x70 ..\obj\semihosting.o
                                 0x71 (size before relaxing)
 .comment       0x00000000       0x71 ..\obj\system_LPC17xx.o
 .comment       0x00000000       0x71 ..\obj\main.o
 .comment       0x00000000       0x71 ..\obj\printf.o
 .comment       0x00000000       0x71 ..\obj\lpc17xx_gpio.o
 .comment       0x00000000       0x71 ..\obj\startup_LPC17xx.o

.ARM.attributes
                0x00000000       0x31
 .ARM.attributes
                0x00000000       0x33 ..\obj\semihosting.o
 .ARM.attributes
                0x00000033       0x33 ..\obj\system_LPC17xx.o
 .ARM.attributes
                0x00000066       0x33 ..\obj\main.o
 .ARM.attributes
                0x00000099       0x33 ..\obj\printf.o
 .ARM.attributes
                0x000000cc       0x33 ..\obj\lpc17xx_gpio.o
 .ARM.attributes
                0x000000ff       0x33 ..\obj\startup_LPC17xx.o
 .ARM.attributes
                0x00000132       0x21 ..\obj\sh_cmd.o
 .ARM.attributes
                0x00000153       0x1d c:/program files (x86)/gnu tools arm embedded/4.9 2015q3/bin/../lib/gcc/arm-none-eabi/4.9.3/armv7-m\libgcc.a(_arm_addsubdf3.o)
 .ARM.attributes
                0x00000170       0x1d c:/program files (x86)/gnu tools arm embedded/4.9 2015q3/bin/../lib/gcc/arm-none-eabi/4.9.3/armv7-m\libgcc.a(_arm_muldivdf3.o)
 .ARM.attributes
                0x0000018d       0x1d c:/program files (x86)/gnu tools arm embedded/4.9 2015q3/bin/../lib/gcc/arm-none-eabi/4.9.3/armv7-m\libgcc.a(_arm_fixunsdfsi.o)

.debug_frame    0x00000000      0x84c
 .debug_frame   0x00000000       0x7c ..\obj\semihosting.o
 .debug_frame   0x0000007c       0x50 ..\obj\system_LPC17xx.o
 .debug_frame   0x000000cc       0x30 ..\obj\main.o
 .debug_frame   0x000000fc      0x2dc ..\obj\printf.o
 .debug_frame   0x000003d8      0x428 ..\obj\lpc17xx_gpio.o
 .debug_frame   0x00000800       0x4c ..\obj\startup_LPC17xx.o
